// Jest Snapshot v1, https://goo.gl/fbAQLP

exports[`renders without crashing 1`] = `
"<div>
  <styled.div>
    <Header />
    <Landing />
    <Footer />
  </styled.div>
</div>"
`;
